// Jest Snapshot v1, https://goo.gl/fbAQLP

exports[`<NavDate /> should render correctly 1`] = `
<div>
  <div>
    Tue, February 1, 2022
  </div>
</div>
`;
